{"type":"type","name":"test","state":"acquired","owner":"owner","lastupdate":"2006-01-02T15:04:05Z","userdata":{"test":"old"}}