{"type":"type","name":"test","state":"state2","owner":"owner","lastupdate":"2006-01-02T15:04:05Z","userdata":{}}