[{"type":"type2","name":"test2","state":"newState","owner":"owner","lastupdate":"2006-01-02T15:04:05Z","userdata":{}},{"type":"type3","name":"test3","state":"newState","owner":"owner","lastupdate":"2006-01-02T15:04:05Z","userdata":{}}]
